14:07:15 **** Incremental Build of configuration Debug for project lab2_trafikljus ****
make -j12 all 
arm-none-eabi-gcc "../Core/Src/main.c" -mcpu=cortex-m4 -std=gnu11 -g3 -DDEBUG -DUSE_HAL_DRIVER -DSTM32F401xE -c -I../Core/Inc -I../Drivers/STM32F4xx_HAL_Driver/Inc -I../Drivers/STM32F4xx_HAL_Driver/Inc/Legacy -I../Drivers/CMSIS/Device/ST/STM32F4xx/Include -I../Drivers/CMSIS/Include -O0 -ffunction-sections -fdata-sections -Wall -fstack-usage -fcyclomatic-complexity -MMD -MP -MF"Core/Src/main.d" -MT"Core/Src/main.o" --specs=nano.specs -mfpu=fpv4-sp-d16 -mfloat-abi=hard -mthumb -o "Core/Src/main.o"
arm-none-eabi-gcc -o "lab2_trafikljus.elf" @"objects.list"   -mcpu=cortex-m4 -T"C:\Users\LP\JTH\Mikrodatorteknik\Mikrodatorteknik_HT24\lab2_trafikljus\STM32F401RETX_FLASH.ld" --specs=nosys.specs -Wl,-Map="lab2_trafikljus.map" -Wl,--gc-sections -static --specs=nano.specs -mfpu=fpv4-sp-d16 -mfloat-abi=hard -mthumb -Wl,--start-group -lc -lm -Wl,--end-group
Finished building target: lab2_trafikljus.elf
 
arm-none-eabi-size  lab2_trafikljus.elf 
arm-none-eabi-objdump -h -S lab2_trafikljus.elf  > "lab2_trafikljus.list"
   text	   data	    bss	    dec	    hex	filename
   8660	     12	   1644	  10316	   284c	lab2_trafikljus.elf
Finished building: default.size.stdout
 
Finished building: lab2_trafikljus.list
 
14:16:11 **** Incremental Build of configuration Debug for project lab2_trafikljus ****
make -j12 all 
arm-none-eabi-size  lab2_trafikljus.elf 
   text	   data	    bss	    dec	    hex	filename
   8660	     12	   1644	  10316	   284c	lab2_trafikljus.elf
Finished building: default.size.stdout
 
14:17:16 **** Incremental Build of configuration Debug for project lab2_trafikljus ****
make -j12 all 
arm-none-eabi-gcc "../Core/Src/main.c" -mcpu=cortex-m4 -std=gnu11 -g3 -DDEBUG -DUSE_HAL_DRIVER -DSTM32F401xE -c -I../Core/Inc -I../Drivers/STM32F4xx_HAL_Driver/Inc -I../Drivers/STM32F4xx_HAL_Driver/Inc/Legacy -I../Drivers/CMSIS/Device/ST/STM32F4xx/Include -I../Drivers/CMSIS/Include -O0 -ffunction-sections -fdata-sections -Wall -fstack-usage -fcyclomatic-complexity -MMD -MP -MF"Core/Src/main.d" -MT"Core/Src/main.o" --specs=nano.specs -mfpu=fpv4-sp-d16 -mfloat-abi=hard -mthumb -o "Core/Src/main.o"
../Core/Src/main.c: In function 'main':
../Core/Src/main.c:196:3: warning: statement with no effect [-Wunused-value]
  196 |   1+1;
      |   ^
arm-none-eabi-gcc -o "lab2_trafikljus.elf" @"objects.list"   -mcpu=cortex-m4 -T"C:\Users\LP\JTH\Mikrodatorteknik\Mikrodatorteknik_HT24\lab2_trafikljus\STM32F401RETX_FLASH.ld" --specs=nosys.specs -Wl,-Map="lab2_trafikljus.map" -Wl,--gc-sections -static --specs=nano.specs -mfpu=fpv4-sp-d16 -mfloat-abi=hard -mthumb -Wl,--start-group -lc -lm -Wl,--end-group
Finished building target: lab2_trafikljus.elf
 
arm-none-eabi-size  lab2_trafikljus.elf 
arm-none-eabi-objdump -h -S lab2_trafikljus.elf  > "lab2_trafikljus.list"
   text	   data	    bss	    dec	    hex	filename
   8660	     12	   1644	  10316	   284c	lab2_trafikljus.elf
Finished building: default.size.stdout
 
Finished building: lab2_trafikljus.list
 
14:19:38 **** Incremental Build of configuration Debug for project lab2_trafikljus ****
make -j12 all 
arm-none-eabi-gcc "../Core/Src/main.c" -mcpu=cortex-m4 -std=gnu11 -g3 -DDEBUG -DUSE_HAL_DRIVER -DSTM32F401xE -c -I../Core/Inc -I../Drivers/STM32F4xx_HAL_Driver/Inc -I../Drivers/STM32F4xx_HAL_Driver/Inc/Legacy -I../Drivers/CMSIS/Device/ST/STM32F4xx/Include -I../Drivers/CMSIS/Include -O0 -ffunction-sections -fdata-sections -Wall -fstack-usage -fcyclomatic-complexity -MMD -MP -MF"Core/Src/main.d" -MT"Core/Src/main.o" --specs=nano.specs -mfpu=fpv4-sp-d16 -mfloat-abi=hard -mthumb -o "Core/Src/main.o"
../Core/Src/main.c: In function 'main':
../Core/Src/main.c:196:3: warning: statement with no effect [-Wunused-value]
  196 |   1+1;
      |   ^
arm-none-eabi-gcc -o "lab2_trafikljus.elf" @"objects.list"   -mcpu=cortex-m4 -T"C:\Users\LP\JTH\Mikrodatorteknik\Mikrodatorteknik_HT24\lab2_trafikljus\STM32F401RETX_FLASH.ld" --specs=nosys.specs -Wl,-Map="lab2_trafikljus.map" -Wl,--gc-sections -static --specs=nano.specs -mfpu=fpv4-sp-d16 -mfloat-abi=hard -mthumb -Wl,--start-group -lc -lm -Wl,--end-group
Finished building target: lab2_trafikljus.elf
 
arm-none-eabi-size  lab2_trafikljus.elf 
arm-none-eabi-objdump -h -S lab2_trafikljus.elf  > "lab2_trafikljus.list"
   text	   data	    bss	    dec	    hex	filename
   8664	     12	   1644	  10320	   2850	lab2_trafikljus.elf
Finished building: default.size.stdout
 
Finished building: lab2_trafikljus.list
 
14:20:45 **** Incremental Build of configuration Debug for project lab2_trafikljus ****
make -j12 all 
arm-none-eabi-gcc "../Core/Src/main.c" -mcpu=cortex-m4 -std=gnu11 -g3 -DDEBUG -DUSE_HAL_DRIVER -DSTM32F401xE -c -I../Core/Inc -I../Drivers/STM32F4xx_HAL_Driver/Inc -I../Drivers/STM32F4xx_HAL_Driver/Inc/Legacy -I../Drivers/CMSIS/Device/ST/STM32F4xx/Include -I../Drivers/CMSIS/Include -O0 -ffunction-sections -fdata-sections -Wall -fstack-usage -fcyclomatic-complexity -MMD -MP -MF"Core/Src/main.d" -MT"Core/Src/main.o" --specs=nano.specs -mfpu=fpv4-sp-d16 -mfloat-abi=hard -mthumb -o "Core/Src/main.o"
arm-none-eabi-gcc -o "lab2_trafikljus.elf" @"objects.list"   -mcpu=cortex-m4 -T"C:\Users\LP\JTH\Mikrodatorteknik\Mikrodatorteknik_HT24\lab2_trafikljus\STM32F401RETX_FLASH.ld" --specs=nosys.specs -Wl,-Map="lab2_trafikljus.map" -Wl,--gc-sections -static --specs=nano.specs -mfpu=fpv4-sp-d16 -mfloat-abi=hard -mthumb -Wl,--start-group -lc -lm -Wl,--end-group
Finished building target: lab2_trafikljus.elf
 
arm-none-eabi-size  lab2_trafikljus.elf 
arm-none-eabi-objdump -h -S lab2_trafikljus.elf  > "lab2_trafikljus.list"
   text	   data	    bss	    dec	    hex	filename
   8664	     12	   1644	  10320	   2850	lab2_trafikljus.elf
Finished building: default.size.stdout
 
Finished building: lab2_trafikljus.list
 
14:23:58 **** Incremental Build of configuration Debug for project lab2_trafikljus ****
make -j12 all 
arm-none-eabi-gcc "../Core/Src/main.c" -mcpu=cortex-m4 -std=gnu11 -g3 -DDEBUG -DUSE_HAL_DRIVER -DSTM32F401xE -c -I../Core/Inc -I../Drivers/STM32F4xx_HAL_Driver/Inc -I../Drivers/STM32F4xx_HAL_Driver/Inc/Legacy -I../Drivers/CMSIS/Device/ST/STM32F4xx/Include -I../Drivers/CMSIS/Include -O0 -ffunction-sections -fdata-sections -Wall -fstack-usage -fcyclomatic-complexity -MMD -MP -MF"Core/Src/main.d" -MT"Core/Src/main.o" --specs=nano.specs -mfpu=fpv4-sp-d16 -mfloat-abi=hard -mthumb -o "Core/Src/main.o"
arm-none-eabi-gcc -o "lab2_trafikljus.elf" @"objects.list"   -mcpu=cortex-m4 -T"C:\Users\LP\JTH\Mikrodatorteknik\Mikrodatorteknik_HT24\lab2_trafikljus\STM32F401RETX_FLASH.ld" --specs=nosys.specs -Wl,-Map="lab2_trafikljus.map" -Wl,--gc-sections -static --specs=nano.specs -mfpu=fpv4-sp-d16 -mfloat-abi=hard -mthumb -Wl,--start-group -lc -lm -Wl,--end-group
Finished building target: lab2_trafikljus.elf
 
arm-none-eabi-size  lab2_trafikljus.elf 
arm-none-eabi-objdump -h -S lab2_trafikljus.elf  > "lab2_trafikljus.list"
   text	   data	    bss	    dec	    hex	filename
   8664	     12	   1644	  10320	   2850	lab2_trafikljus.elf
Finished building: default.size.stdout
 
Finished building: lab2_trafikljus.list
 
14:25:16 **** Incremental Build of configuration Debug for project lab2_trafikljus ****
make -j12 all 
arm-none-eabi-gcc "../Core/Src/main.c" -mcpu=cortex-m4 -std=gnu11 -g3 -DDEBUG -DUSE_HAL_DRIVER -DSTM32F401xE -c -I../Core/Inc -I../Drivers/STM32F4xx_HAL_Driver/Inc -I../Drivers/STM32F4xx_HAL_Driver/Inc/Legacy -I../Drivers/CMSIS/Device/ST/STM32F4xx/Include -I../Drivers/CMSIS/Include -O0 -ffunction-sections -fdata-sections -Wall -fstack-usage -fcyclomatic-complexity -MMD -MP -MF"Core/Src/main.d" -MT"Core/Src/main.o" --specs=nano.specs -mfpu=fpv4-sp-d16 -mfloat-abi=hard -mthumb -o "Core/Src/main.o"
arm-none-eabi-gcc -o "lab2_trafikljus.elf" @"objects.list"   -mcpu=cortex-m4 -T"C:\Users\LP\JTH\Mikrodatorteknik\Mikrodatorteknik_HT24\lab2_trafikljus\STM32F401RETX_FLASH.ld" --specs=nosys.specs -Wl,-Map="lab2_trafikljus.map" -Wl,--gc-sections -static --specs=nano.specs -mfpu=fpv4-sp-d16 -mfloat-abi=hard -mthumb -Wl,--start-group -lc -lm -Wl,--end-group
Finished building target: lab2_trafikljus.elf
 
arm-none-eabi-size  lab2_trafikljus.elf 
arm-none-eabi-objdump -h -S lab2_trafikljus.elf  > "lab2_trafikljus.list"
   text	   data	    bss	    dec	    hex	filename
   8672	     12	   1644	  10328	   2858	lab2_trafikljus.elf
Finished building: default.size.stdout
 
Finished building: lab2_trafikljus.list
 
14:32:24 **** Incremental Build of configuration Debug for project lab2_trafikljus ****
make -j12 all 
arm-none-eabi-gcc "../Core/Src/main.c" -mcpu=cortex-m4 -std=gnu11 -g3 -DDEBUG -DUSE_HAL_DRIVER -DSTM32F401xE -c -I../Core/Inc -I../Drivers/STM32F4xx_HAL_Driver/Inc -I../Drivers/STM32F4xx_HAL_Driver/Inc/Legacy -I../Drivers/CMSIS/Device/ST/STM32F4xx/Include -I../Drivers/CMSIS/Include -O0 -ffunction-sections -fdata-sections -Wall -fstack-usage -fcyclomatic-complexity -MMD -MP -MF"Core/Src/main.d" -MT"Core/Src/main.o" --specs=nano.specs -mfpu=fpv4-sp-d16 -mfloat-abi=hard -mthumb -o "Core/Src/main.o"
arm-none-eabi-gcc -o "lab2_trafikljus.elf" @"objects.list"   -mcpu=cortex-m4 -T"C:\Users\LP\JTH\Mikrodatorteknik\Mikrodatorteknik_HT24\lab2_trafikljus\STM32F401RETX_FLASH.ld" --specs=nosys.specs -Wl,-Map="lab2_trafikljus.map" -Wl,--gc-sections -static --specs=nano.specs -mfpu=fpv4-sp-d16 -mfloat-abi=hard -mthumb -Wl,--start-group -lc -lm -Wl,--end-group
Finished building target: lab2_trafikljus.elf
 
arm-none-eabi-size  lab2_trafikljus.elf 
arm-none-eabi-objdump -h -S lab2_trafikljus.elf  > "lab2_trafikljus.list"
   text	   data	    bss	    dec	    hex	filename
   8688	     12	   1644	  10344	   2868	lab2_trafikljus.elf
Finished building: default.size.stdout
 
Finished building: lab2_trafikljus.list
 
14:45:48 **** Incremental Build of configuration Debug for project lab2_trafikljus ****
make -j12 all 
arm-none-eabi-gcc "../Core/Src/main.c" -mcpu=cortex-m4 -std=gnu11 -g3 -DDEBUG -DUSE_HAL_DRIVER -DSTM32F401xE -c -I../Core/Inc -I../Drivers/STM32F4xx_HAL_Driver/Inc -I../Drivers/STM32F4xx_HAL_Driver/Inc/Legacy -I../Drivers/CMSIS/Device/ST/STM32F4xx/Include -I../Drivers/CMSIS/Include -O0 -ffunction-sections -fdata-sections -Wall -fstack-usage -fcyclomatic-complexity -MMD -MP -MF"Core/Src/main.d" -MT"Core/Src/main.o" --specs=nano.specs -mfpu=fpv4-sp-d16 -mfloat-abi=hard -mthumb -o "Core/Src/main.o"
arm-none-eabi-gcc -o "lab2_trafikljus.elf" @"objects.list"   -mcpu=cortex-m4 -T"C:\Users\LP\JTH\Mikrodatorteknik\Mikrodatorteknik_HT24\lab2_trafikljus\STM32F401RETX_FLASH.ld" --specs=nosys.specs -Wl,-Map="lab2_trafikljus.map" -Wl,--gc-sections -static --specs=nano.specs -mfpu=fpv4-sp-d16 -mfloat-abi=hard -mthumb -Wl,--start-group -lc -lm -Wl,--end-group
Finished building target: lab2_trafikljus.elf
 
arm-none-eabi-size  lab2_trafikljus.elf 
arm-none-eabi-objdump -h -S lab2_trafikljus.elf  > "lab2_trafikljus.list"
   text	   data	    bss	    dec	    hex	filename
   8696	     12	   1644	  10352	   2870	lab2_trafikljus.elf
Finished building: default.size.stdout
 
Finished building: lab2_trafikljus.list
 
14:48:03 **** Incremental Build of configuration Debug for project lab2_trafikljus ****
make -j12 all 
arm-none-eabi-gcc "../Core/Src/main.c" -mcpu=cortex-m4 -std=gnu11 -g3 -DDEBUG -DUSE_HAL_DRIVER -DSTM32F401xE -c -I../Core/Inc -I../Drivers/STM32F4xx_HAL_Driver/Inc -I../Drivers/STM32F4xx_HAL_Driver/Inc/Legacy -I../Drivers/CMSIS/Device/ST/STM32F4xx/Include -I../Drivers/CMSIS/Include -O0 -ffunction-sections -fdata-sections -Wall -fstack-usage -fcyclomatic-complexity -MMD -MP -MF"Core/Src/main.d" -MT"Core/Src/main.o" --specs=nano.specs -mfpu=fpv4-sp-d16 -mfloat-abi=hard -mthumb -o "Core/Src/main.o"
arm-none-eabi-gcc -o "lab2_trafikljus.elf" @"objects.list"   -mcpu=cortex-m4 -T"C:\Users\LP\JTH\Mikrodatorteknik\Mikrodatorteknik_HT24\lab2_trafikljus\STM32F401RETX_FLASH.ld" --specs=nosys.specs -Wl,-Map="lab2_trafikljus.map" -Wl,--gc-sections -static --specs=nano.specs -mfpu=fpv4-sp-d16 -mfloat-abi=hard -mthumb -Wl,--start-group -lc -lm -Wl,--end-group
Finished building target: lab2_trafikljus.elf
 
arm-none-eabi-size  lab2_trafikljus.elf 
arm-none-eabi-objdump -h -S lab2_trafikljus.elf  > "lab2_trafikljus.list"
   text	   data	    bss	    dec	    hex	filename
   8696	     12	   1644	  10352	   2870	lab2_trafikljus.elf
Finished building: default.size.stdout
 
Finished building: lab2_trafikljus.list
 
