14:10:20 **** Incremental Build of configuration Debug for project lab0_blinky ****
make -j12 all 
arm-none-eabi-gcc "../Core/Src/main.c" -mcpu=cortex-m4 -std=gnu11 -g3 -DDEBUG -DUSE_HAL_DRIVER -DSTM32F401xE -c -I../Core/Inc -I../Drivers/STM32F4xx_HAL_Driver/Inc -I../Drivers/STM32F4xx_HAL_Driver/Inc/Legacy -I../Drivers/CMSIS/Device/ST/STM32F4xx/Include -I../Drivers/CMSIS/Include -O0 -ffunction-sections -fdata-sections -Wall -fstack-usage -fcyclomatic-complexity -MMD -MP -MF"Core/Src/main.d" -MT"Core/Src/main.o" --specs=nano.specs -mfpu=fpv4-sp-d16 -mfloat-abi=hard -mthumb -o "Core/Src/main.o"
arm-none-eabi-gcc -o "lab0_blinky.elf" @"objects.list"   -mcpu=cortex-m4 -T"C:\Users\LP\JTH\Mikrodatorteknik\Mikrodatorteknik_HT24\lab0_blinky\STM32F401RETX_FLASH.ld" --specs=nosys.specs -Wl,-Map="lab0_blinky.map" -Wl,--gc-sections -static --specs=nano.specs -mfpu=fpv4-sp-d16 -mfloat-abi=hard -mthumb -Wl,--start-group -lc -lm -Wl,--end-group
Finished building target: lab0_blinky.elf
 
arm-none-eabi-size  lab0_blinky.elf 
arm-none-eabi-objdump -h -S lab0_blinky.elf  > "lab0_blinky.list"
   text	   data	    bss	    dec	    hex	filename
  11128	     92	   1972	  13192	   3388	lab0_blinky.elf
Finished building: default.size.stdout
 
Finished building: lab0_blinky.list
 
14:10:24 **** Incremental Build of configuration Debug for project lab0_blinky ****
make -j12 all 
arm-none-eabi-size  lab0_blinky.elf 
   text	   data	    bss	    dec	    hex	filename
  11128	     92	   1972	  13192	   3388	lab0_blinky.elf
Finished building: default.size.stdout
 
14:13:36 **** Incremental Build of configuration Debug for project lab0_blinky ****
make -j12 all 
arm-none-eabi-size  lab0_blinky.elf 
   text	   data	    bss	    dec	    hex	filename
  11128	     92	   1972	  13192	   3388	lab0_blinky.elf
Finished building: default.size.stdout
 
14:20:24 **** Incremental Build of configuration Debug for project lab0_blinky ****
make -j12 all 
arm-none-eabi-size  lab0_blinky.elf 
   text	   data	    bss	    dec	    hex	filename
  11128	     92	   1972	  13192	   3388	lab0_blinky.elf
Finished building: default.size.stdout
 
