14:22:44 **** Incremental Build of configuration Debug for project lab2_trafikljus ****
make -j12 all 
arm-none-eabi-gcc "../Core/Src/main.c" -mcpu=cortex-m4 -std=gnu11 -g3 -DDEBUG -DUSE_HAL_DRIVER -DSTM32F401xE -c -I../Core/Inc -I../Drivers/STM32F4xx_HAL_Driver/Inc -I../Drivers/STM32F4xx_HAL_Driver/Inc/Legacy -I../Drivers/CMSIS/Device/ST/STM32F4xx/Include -I../Drivers/CMSIS/Include -O0 -ffunction-sections -fdata-sections -Wall -fstack-usage -fcyclomatic-complexity -MMD -MP -MF"Core/Src/main.d" -MT"Core/Src/main.o" --specs=nano.specs -mfpu=fpv4-sp-d16 -mfloat-abi=hard -mthumb -o "Core/Src/main.o"
../Core/Src/main.c: In function 'main':
../Core/Src/main.c:220:7: warning: unused variable 'last_press' [-Wunused-variable]
  220 |   int last_press = curr_press;
      |       ^~~~~~~~~~
../Core/Src/main.c:217:14: warning: variable 'ev' set but not used [-Wunused-but-set-variable]
  217 |   enum event ev = ev_none;
      |              ^~
../Core/Src/main.c:216:14: warning: unused variable 'st' [-Wunused-variable]
  216 |   enum state st = s_init;
      |              ^~
arm-none-eabi-gcc -o "lab2_trafikljus.elf" @"objects.list"   -mcpu=cortex-m4 -T"C:\Users\LP\JTH\Mikrodatorteknik\Mikrodatorteknik_HT24\lab2_trafikljus\STM32F401RETX_FLASH.ld" --specs=nosys.specs -Wl,-Map="lab2_trafikljus.map" -Wl,--gc-sections -static --specs=nano.specs -mfpu=fpv4-sp-d16 -mfloat-abi=hard -mthumb -Wl,--start-group -lc -lm -Wl,--end-group
Finished building target: lab2_trafikljus.elf
 
arm-none-eabi-size  lab2_trafikljus.elf 
arm-none-eabi-objdump -h -S lab2_trafikljus.elf  > "lab2_trafikljus.list"
   text	   data	    bss	    dec	    hex	filename
   7740	     12	   1644	   9396	   24b4	lab2_trafikljus.elf
Finished building: default.size.stdout
 
Finished building: lab2_trafikljus.list
 

14:22:45 Build Finished. 0 errors, 3 warnings. (took 654ms)

