10:23:00 **** Incremental Build of configuration Debug for project lab4_LCD ****
make -j12 all 
arm-none-eabi-gcc "../Core/Src/main.c" -mcpu=cortex-m4 -std=gnu11 -g3 -DDEBUG -DUSE_HAL_DRIVER -DSTM32F401xE -c -I../Core/Inc -I../Drivers/STM32F4xx_HAL_Driver/Inc -I../Drivers/STM32F4xx_HAL_Driver/Inc/Legacy -I../Drivers/CMSIS/Device/ST/STM32F4xx/Include -I../Drivers/CMSIS/Include -O0 -ffunction-sections -fdata-sections -Wall -fstack-usage -fcyclomatic-complexity -MMD -MP -MF"Core/Src/main.d" -MT"Core/Src/main.o" --specs=nano.specs -mfpu=fpv4-sp-d16 -mfloat-abi=hard -mthumb -o "Core/Src/main.o"
arm-none-eabi-gcc -o "lab4_LCD.elf" @"objects.list"   -mcpu=cortex-m4 -T"C:\Users\LP\JTH\Mikrodatorteknik\Mikrodatorteknik_HT24\lab4_LCD\STM32F401RETX_FLASH.ld" --specs=nosys.specs -Wl,-Map="lab4_LCD.map" -Wl,--gc-sections -static --specs=nano.specs -mfpu=fpv4-sp-d16 -mfloat-abi=hard -mthumb -Wl,--start-group -lc -lm -Wl,--end-group
Finished building target: lab4_LCD.elf
 
arm-none-eabi-size  lab4_LCD.elf 
arm-none-eabi-objdump -h -S lab4_LCD.elf  > "lab4_LCD.list"
   text	   data	    bss	    dec	    hex	filename
  16888	     96	   2152	  19136	   4ac0	lab4_LCD.elf
Finished building: default.size.stdout
 
Finished building: lab4_LCD.list
 

10:23:01 Build Finished. 0 errors, 0 warnings. (took 697ms)

